// Jest Snapshot v1, https://goo.gl/fbAQLP

exports[`checks rendering of card component matches snapshot 1`] = `
<DocumentFragment>
  <section>
    <div
      class="CardComponent card"
    >
      <div
        class="card-body"
      >
        <a
          class="CardComponent-Link"
          href="/bouts/1"
          style="color: rgb(85, 85, 85);"
        >
          <div
            class="text-center CardComponent-Title card-title"
          >
            <h3>
              Theme Test 1
            </h3>
          </div>
        </a>
        <div
          class="card-title"
        >
          <h5>
            , 
          </h5>
        </div>
        <p
          class="CardComponent-Text card-text"
        >
          2024-01-25
        </p>
        <p
          class="CardComponent-Text card-text"
        >
          Come have a blast and skate with us. It will be the ultimate skate party! 
        </p>
      </div>
    </div>
  </section>
</DocumentFragment>
`;
