// Jest Snapshot v1, https://goo.gl/fbAQLP

exports[`user logged in matches snapshot 1`] = `
<DocumentFragment>
  <div
    class="NavBar-Container"
  >
    <div>
      <nav
        class="NavBar-Top navbar"
      >
        <div
          class="container-fluid"
        >
          <div
            class="Navbar-Logo"
            style="padding-left: 5px; padding-right: 0px; display: flex; position: fixed; left: 0px;"
          >
            <div
              style="position: absolute; top: 4px;"
            >
              <div
                class="star"
              >
                <img
                  alt="Star Icon"
                  src="/star.png"
                  style="z-index: 3; margin-right: 7px; height: 60px;"
                />
              </div>
            </div>
            <div
              class="me-auto"
              href="/"
              style="padding-left: 75px; padding-top: 20px; font-size: 20px;"
            >
              <b>
                Block Party
              </b>
            </div>
          </div>
          <button
            aria-label="Toggle navigation"
            class="me-2 navbar-toggler"
            stlye="[object Object]"
            type="button"
          >
            <span
              class="navbar-toggler-icon"
            />
          </button>
          <div
            class="collapse navbar-collapse"
            style="display: flex-end;"
          >
            <ul
              class="navbar-nav"
            >
              <li
                class="Navbar-Profile nav-item"
              >
                <a
                  class=""
                  href="/profile"
                  style="white-space: nowrap;"
                >
                  Profile
                </a>
              </li>
              <li
                class="Navbar-Teams nav-item"
              >
                <a
                  class=""
                  href="/teams"
                >
                  Teams
                </a>
              </li>
              <li
                class="Navbar-Users nav-item"
              >
                <a
                  class=""
                  href="/users"
                >
                  Users
                </a>
              </li>
              <li
                class="Navbar-Bouts nav-item"
              >
                <a
                  class=""
                  href="/events/bouts"
                >
                  Bouts
                </a>
              </li>
              <li
                class="Navbar-Mixers nav-item"
              >
                <a
                  class=""
                  href="/events/mixers"
                >
                  Mixers
                </a>
              </li>
              <li
                class="Navbar-Logout nav-item"
              >
                <a
                  aria-current="page"
                  class="active"
                  href="/"
                >
                  Logout
                </a>
              </li>
            </ul>
          </div>
        </div>
      </nav>
    </div>
    ;
  </div>
</DocumentFragment>
`;
