// Jest Snapshot v1, https://goo.gl/fbAQLP

exports[`matches snapshot 1`] = `
<DocumentFragment>
  <div
    class="track-out"
  >
      
  </div>
  <div
    class="track-in"
  >
       
  </div>
  <div
    class="App"
  >
    <div
      class="NavBar-Container"
    >
      <div>
        <nav
          class="NavBar-Top navbar"
        >
          <div
            class="container-fluid"
          >
            <div
              class="Navbar-Logo"
              style="padding-left: 5px; padding-right: 0px; display: flex; position: fixed; left: 0px;"
            >
              <div
                style="position: absolute; top: 4px;"
              >
                <div
                  class="star"
                >
                  <img
                    alt="Star Icon"
                    src="/star.png"
                    style="z-index: 3; margin-right: 7px; height: 60px;"
                  />
                </div>
              </div>
              <div
                class="me-auto"
                href="/"
                style="padding-left: 75px; padding-top: 20px; font-size: 20px;"
              >
                <b>
                  Block Party
                </b>
              </div>
            </div>
            <button
              aria-label="Toggle navigation"
              class="me-2 navbar-toggler"
              stlye="[object Object]"
              type="button"
            >
              <span
                class="navbar-toggler-icon"
              />
            </button>
            <div
              class="collapse navbar-collapse"
              style="display: flex-end;"
            >
              <ul
                class="navbar-nav"
              >
                <li
                  class="Navbar-Signup nav-item"
                >
                  <a
                    class=""
                    href="/signup"
                  >
                    Signup
                  </a>
                </li>
                <li
                  class="Navbar-Admin nav-item"
                >
                  <a
                    class=""
                    href="/login"
                  >
                    Login
                  </a>
                </li>
                <li
                  class="Navbar-About nav-item"
                >
                  <a
                    class=""
                    href="/about"
                  >
                    About
                  </a>
                </li>
              </ul>
            </div>
          </div>
        </nav>
      </div>
      ;
    </div>
    <main>
      <section
        class="col-md-8 Home"
        style="min-width: 400px;"
      >
        <div
          class="card"
        >
          <div
            class="Home-Title card-title"
          >
            <h1>
              The block party begins when the star arrives.
            </h1>
          </div>
          <div
            class="card-body"
          >
            <p
              class="card-text"
            >
              <a
                class="Home-Link"
                href="/login"
              >
                <button
                  class="btn btn-secondary"
                >
                  Login
                </button>
              </a>
              <a
                class="Home-Link"
                href="/signup"
              >
                <button
                  class="btn btn-secondary"
                >
                  Signup
                </button>
              </a>
            </p>
          </div>
        </div>
      </section>
    </main>
  </div>
</DocumentFragment>
`;
