// Jest Snapshot v1, https://goo.gl/fbAQLP

exports[`checks rendering of mixer form matches snapshot 1`] = `
<DocumentFragment>
  <section
    class="col-md-4 MixerForm"
    style="margin-top: 150px;"
  >
    <div
      class="card"
    >
      <div
        class="MixerForm-CardTitle card-title"
      >
        <h1>
          Create a Mixer
        </h1>
      </div>
      <div
        class="card-body"
      >
        <form
          class=""
        >
          <div
            class="mb-3"
          >
            <label
              class="form-label"
              for="date"
            >
              Date: 
            </label>
            <input
              class="form-control"
              id="date"
              name="date"
              type="date"
              value=""
            />
            <label
              class="form-label"
              for="time"
            >
              Time: 
            </label>
            <input
              class="form-control"
              id="time"
              name="time"
              placeholder="Time"
              required=""
              type="time"
              value=""
            />
            <label
              class="form-label"
              for="timeZone"
            >
              Time Zone: 
            </label>
            <select
              class="form-control form-select"
              id="timeZone"
              name="timeZone"
              placeholder="Time Zone"
            >
              <option
                value="Mountain Time (MT): America/Denver (Denver, Phoenix, Salt Lake City)"
              >
                Mountain Time (MT): America/Denver (Denver, Phoenix, Salt Lake City)
              </option>
              <option
                value="Eastern Time (ET): America/New_York (New York City, Miami, Atlanta)"
              >
                Eastern Time (ET): America/New_York (New York City, Miami, Atlanta)
              </option>
              <option
                value="Central Time (CT): America/Chicago (Chicago, Houston, New Orleans)"
              >
                Central Time (CT): America/Chicago (Chicago, Houston, New Orleans)
              </option>
              <option
                value="Pacific Time (PT): America/Los_Angeles (Los Angeles, San Francisco, Seattle)"
              >
                Pacific Time (PT): America/Los_Angeles (Los Angeles, San Francisco, Seattle)
              </option>
              <option
                value="Alaska Time (AKST): America/Anchorage (Anchorage)"
              >
                Alaska Time (AKST): America/Anchorage (Anchorage)
              </option>
              <option
                value="Hawaii Time (HST): Pacific/Honolulu (Honolulu)"
              >
                Hawaii Time (HST): Pacific/Honolulu (Honolulu)
              </option>
            </select>
            <label
              class="form-label"
              for="streetAddress"
            >
              Street Address: 
            </label>
            <input
              class="form-control"
              id="streetAddress"
              name="streetAddress"
              placeholder="Street Address"
              type="text"
              value=""
            />
            <label
              class="form-label"
              for="city"
            >
              City: 
            </label>
            <input
              class="form-control"
              id="city"
              name="city"
              placeholder="City"
              type="text"
              value=""
            />
            <label
              class="form-label"
              for="state"
            >
              State: 
            </label>
            <select
              class="form-select"
              id="state"
              maxlength="2"
              name="state"
              placeholder="State"
            >
              <option
                value=""
              >
                State
              </option>
              <option
                value="AL"
              >
                AL
              </option>
              <option
                value="AK"
              >
                AK
              </option>
              <option
                value="AZ"
              >
                AZ
              </option>
              <option
                value="AR"
              >
                AR
              </option>
              <option
                value="CA"
              >
                CA
              </option>
              <option
                value="CO"
              >
                CO
              </option>
              <option
                value="CT"
              >
                CT
              </option>
              <option
                value="DE"
              >
                DE
              </option>
              <option
                value="DC"
              >
                DC
              </option>
              <option
                value="FL"
              >
                FL
              </option>
              <option
                value="GA"
              >
                GA
              </option>
              <option
                value="HI"
              >
                HI
              </option>
              <option
                value="ID"
              >
                ID
              </option>
              <option
                value="IL"
              >
                IL
              </option>
              <option
                value="IN"
              >
                IN
              </option>
              <option
                value="IA"
              >
                IA
              </option>
              <option
                value="KS"
              >
                KS
              </option>
              <option
                value="KY"
              >
                KY
              </option>
              <option
                value="LA"
              >
                LA
              </option>
              <option
                value="ME"
              >
                ME
              </option>
              <option
                value="MD"
              >
                MD
              </option>
              <option
                value="MA"
              >
                MA
              </option>
              <option
                value="MI"
              >
                MI
              </option>
              <option
                value="MN"
              >
                MN
              </option>
              <option
                value="MS"
              >
                MS
              </option>
              <option
                value="MO"
              >
                MO
              </option>
              <option
                value="MT"
              >
                MT
              </option>
              <option
                value="NE"
              >
                NE
              </option>
              <option
                value="NV"
              >
                NV
              </option>
              <option
                value="NH"
              >
                NH
              </option>
              <option
                value="NJ"
              >
                NJ
              </option>
              <option
                value="NM"
              >
                NM
              </option>
              <option
                value="NY"
              >
                NY
              </option>
              <option
                value="NC"
              >
                NC
              </option>
              <option
                value="ND"
              >
                ND
              </option>
              <option
                value="OH"
              >
                OH
              </option>
              <option
                value="OK"
              >
                OK
              </option>
              <option
                value="OR"
              >
                OR
              </option>
              <option
                value="PA"
              >
                PA
              </option>
              <option
                value="RI"
              >
                RI
              </option>
              <option
                value="SC"
              >
                SC
              </option>
              <option
                value="SD"
              >
                SD
              </option>
              <option
                value="TN"
              >
                TN
              </option>
              <option
                value="TX"
              >
                TX
              </option>
              <option
                value="UT"
              >
                UT
              </option>
              <option
                value="VT"
              >
                VT
              </option>
              <option
                value="VA"
              >
                VA
              </option>
              <option
                value="WA"
              >
                WA
              </option>
              <option
                value="WV"
              >
                WV
              </option>
              <option
                value="WI"
              >
                WI
              </option>
              <option
                value="WY"
              >
                WY
              </option>
            </select>
            <label
              class="form-label"
              for="zipCode"
            >
              Zip Code: 
            </label>
            <input
              class="form-control"
              id="zipCode"
              name="zipCode"
              placeholder="Zip Code"
              type="number"
              value=""
            />
            <label
              class="form-label"
              for="firstName"
            >
              Theme: 
            </label>
            <input
              class="form-control"
              id="theme"
              name="theme"
              placeholder="Theme"
              type="text"
              value=""
            />
            <label
              class="form-label"
              for="about"
            >
              Description: 
            </label>
            <textarea
              class="form-control form-control"
              id="description"
              name="description"
              placeholder="Additional information"
            />
            <label
              class="form-label"
              for="level"
            >
              Level: 
            </label>
            <select
              class="form-control form-select"
              id="level"
              name="level"
              placeholder="level"
            >
              <option
                value="All Levels"
              >
                All Levels
              </option>
              <option
                value="C"
              >
                C
              </option>
              <option
                value="B/C"
              >
                B/C
              </option>
              <option
                value="B"
              >
                B
              </option>
              <option
                value="A/B"
              >
                A/B
              </option>
              <option
                value="A"
              >
                A
              </option>
              <option
                value="AA/A"
              >
                AA/A
              </option>
              <option
                value="AA"
              >
                AA
              </option>
            </select>
            <label
              class="form-label"
              for="level"
            >
              Is the mixer co-ed? 
            </label>
            <select
              class="coEd form-select"
              id="coEd"
              name="coEd"
              placeholder="coEd"
            >
              <option
                value="False"
              >
                No
              </option>
              <option
                value="True"
              >
                Yes
              </option>
            </select>
            <label
              class="form-label"
              for="ruleset"
            >
              Ruleset: 
            </label>
            <select
              class="form-control form-select"
              id="ruleset"
              name="ruleset"
              placeholder="Ruleset"
            >
              <option
                value="WFTDA"
              >
                WFTDA
              </option>
              <option
                value="USARS"
              >
                USARS
              </option>
              <option
                value="Banked Track"
              >
                Banked Track
              </option>
              <option
                value="Short Track"
              >
                Short Track
              </option>
            </select>
            <label
              class="form-label"
              for="floorType"
            >
              Type of Floor: 
            </label>
            <input
              class="form-control"
              id="floorType"
              name="floorType"
              placeholder="Floor Type"
              type="text"
              value=""
            />
            <label
              class="form-label"
              for="jerseyColors"
            >
              Jersey Colors: 
            </label>
            <input
              class="form-control"
              id="jerseyColors"
              name="jerseyColors"
              placeholder="Both Teams Jersey Colors"
              type="text"
              value=""
            />
            <label
              class="form-label"
              for="opposingTeam"
            >
              Signup Link: 
            </label>
            <input
              class="form-control form-control"
              id="signupLink"
              name="signupLink"
              placeholder="Signup Link"
              type="text"
              value=""
            />
          </div>
          <button
            class="btn btn-secondary"
          >
            Add Mixer
          </button>
        </form>
      </div>
    </div>
  </section>
</DocumentFragment>
`;
